Script started on 2024-08-05 11:22:21+03:00 [TERM="xterm-256color" TTY="/dev/pts/16" COLUMNS="216" LINES="17"]
[?2004h]0;noorsu@SWIFTX14-7-22: ~/osa12-kontit/script-answers[01;32mnoorsu@SWIFTX14-7-22[00m:[01;34m~/osa12-kontit/script-answers[00m$ git status
[?2004lOn branch main
Your branch is up to date with 'origin/main'.

Untracked files:
  (use "git add <file>..." to include in what will be committed)
	[31mexercise12_1.txt[m
	[31mexercise12_2.txt[m
	[31mtypescript[m

nothing added to commit but untracked files present (use "git add" to track)
[?2004h]0;noorsu@SWIFTX14-7-22: ~/osa12-kontit/script-answers[01;32mnoorsu@SWIFTX14-7-22[00m:[01;34m~/osa12-kontit/script-answers[00m$ git commit -m "script"
[?2004lOn branch main
Your branch is up to date with 'origin/main'.

Untracked files:
  (use "git add <file>..." to include in what will be committed)
	[31mexercise12_1.txt[m
	[31mexercise12_2.txt[m
	[31mtypescript[m

nothing added to commit but untracked files present (use "git add" to track)
[?2004h]0;noorsu@SWIFTX14-7-22: ~/osa12-kontit/script-answers[01;32mnoorsu@SWIFTX14-7-22[00m:[01;34m~/osa12-kontit/script-answers[00m$ git add .
[?2004l[?2004h]0;noorsu@SWIFTX14-7-22: ~/osa12-kontit/script-answers[01;32mnoorsu@SWIFTX14-7-22[00m:[01;34m~/osa12-kontit/script-answers[00m$ [K]0;noorsu@SWIFTX14-7-22: ~/osa12-kontit/script-answers[01;32mnoorsu@SWIFTX14-7-22[00m:[01;34m~/osa12-kontit/script-answers[00m$ [K]0;noorsu@SWIFTX14-7-22: ~/osa12-kontit/script-answers[01;32mnoorsu@SWIFTX14-7-22[00m:[01;34m~/osa12-kontit/script-answers[00m$ git commit -m "script"
[?2004l[main 79c4cb1] script
 3 files changed, 7 insertions(+)
 create mode 100644 script-answers/exercise12_1.txt
 create mode 100644 script-answers/exercise12_2.txt
 create mode 100644 script-answers/typescript
[?2004h]0;noorsu@SWIFTX14-7-22: ~/osa12-kontit/script-answers[01;32mnoorsu@SWIFTX14-7-22[00m:[01;34m~/osa12-kontit/script-answers[00m$ git push
[?2004lEnumerating objects: 6, done.
Counting objects:  16% (1/6)Counting objects:  33% (2/6)Counting objects:  50% (3/6)Counting objects:  66% (4/6)Counting objects:  83% (5/6)Counting objects: 100% (6/6)Counting objects: 100% (6/6), done.
Delta compression using up to 16 threads
Compressing objects:  25% (1/4)Compressing objects:  50% (2/4)Compressing objects:  75% (3/4)Compressing objects: 100% (4/4)Compressing objects: 100% (4/4), done.
Writing objects:  25% (1/4)Writing objects:  50% (2/4)Writing objects:  75% (3/4)Writing objects: 100% (4/4)Writing objects: 100% (4/4), 482 bytes | 482.00 KiB/s, done.
Total 4 (delta 0), reused 0 (delta 0), pack-reused 0
To https://github.com/noora5000/osa12-kontit.git
   ba75516..79c4cb1  main -> main
[?2004h]0;noorsu@SWIFTX14-7-22: ~/osa12-kontit/script-answers[01;32mnoorsu@SWIFTX14-7-22[00m:[01;34m~/osa12-kontit/script-answers[00m$ [K]0;noorsu@SWIFTX14-7-22: ~/osa12-kontit/script-answers[01;32mnoorsu@SWIFTX14-7-22[00m:[01;34m~/osa12-kontit/script-answers[00m$ gti status
[?2004lCommand 'gti' not found, did you mean:
  command 'gtg' from snap getting-things-gnome (0.6)
  command 'gli' from deb ruby-gli (2.14.0-1.1)
  command 'gth' from deb genomethreader (1.7.3+dfsg-6)
  command 'gsi' from deb gambc (4.9.3-1.2)
  command 'gtf' from deb xserver-xorg-core (2:21.1.4-2ubuntu1.7~22.04.11)
  command 'bti' from deb bti (034-6)
  command 'gt' from deb genometools (1.6.2+ds-2)
  command 'git' from deb git (1:2.34.1-1ubuntu1.11)
  command 'ghi' from deb ghi (1.2.0-1.1)
  command 'gt5' from deb gt5 (1.5.0~20111220+bzr29-4)
  command 'ti' from deb ticgit (1.0.2.17-2.1)
  command 'gmi' from deb lieer (1.3-6)
See 'snap info <snapname>' for additional versions.
[?2004h]0;noorsu@SWIFTX14-7-22: ~/osa12-kontit/script-answers[01;32mnoorsu@SWIFTX14-7-22[00m:[01;34m~/osa12-kontit/script-answers[00m$ git status
[?2004lOn branch main
Your branch is up to date with 'origin/main'.

Changes not staged for commit:
  (use "git add <file>..." to upd